<html>
<body>
<pre>
<h1>µVision Build Log</h1>
<h2>Tool Versions:</h2>
IDE-Version: µVision V5.27.1.0
Copyright (C) 2019 ARM Ltd and ARM Germany GmbH. All rights reserved.
License Information: tuan Tran, DHspkt, LIC=----
 
Tool Versions:
Toolchain:       MDK-Lite  Version: 5.27.1.0
Toolchain Path:  C:\Keil_v5\ARM\ARMCC\Bin
C Compiler:      Armcc.exe V5.06 update 6 (build 750)
Assembler:       Armasm.exe V5.06 update 6 (build 750)
Linker/Locator:  ArmLink.exe V5.06 update 6 (build 750)
Library Manager: ArmAr.exe V5.06 update 6 (build 750)
Hex Converter:   FromElf.exe V5.06 update 6 (build 750)
CPU DLL:         SARMCM3.DLL V5.27.1.0
Dialog DLL:      DCM.DLL V1.17.2.0
Target DLL:      STLink\ST-LINKIII-KEIL_SWO.dll V3.0.6.0
Dialog DLL:      TCM.DLL V1.36.1.0
 
<h2>Project:</h2>
E:\QuocTuan\ARM\Coding\HAL_STM32\DO_AN_DKQT\MDK-ARM\test_cambiends18b20.uvprojx
Project File Date:  06/11/2019

<h2>Output:</h2>
*** Using Compiler 'V5.06 update 6 (build 750)', folder: 'C:\Keil_v5\ARM\ARMCC\Bin'
Build target 'test_cambiends18b20'
compiling main.c...
../Src/main.c(95): warning:  #940-D: missing return statement at end of non-void function "fputc" 
   }
../Src/main.c(169): warning:  #188-D: enumerated type mixed with another type
  	HAL_GPIO_WritePin (GPIOA, GPIO_PIN_1, 0);  // pull the pin low
../Src/main.c(200): warning:  #188-D: enumerated type mixed with another type
  			HAL_GPIO_WritePin (GPIOA, GPIO_PIN_1, 0);  // pull the pin LOW
../Src/main.c(212): warning:  #188-D: enumerated type mixed with another type
  			HAL_GPIO_WritePin (GPIOA, GPIO_PIN_1, 0);  // pull the pin LOW
../Src/main.c(230): warning:  #188-D: enumerated type mixed with another type
  		HAL_GPIO_WritePin (GPIOA, GPIO_PIN_1, 0);  // pull the data pin LOW
../Src/main.c(62): warning:  #177-D: variable "err_p"  was declared but never referenced
  static float err_p=0; // sai so khâu p
../Src/main.c(63): warning:  #177-D: variable "ui_p"  was declared but never referenced
  static float ui_p=0;
../Src/main.c: 7 warnings, 0 errors
linking...
Program Size: Code=11672 RO-data=356 RW-data=48 ZI-data=1256  
"test_cambiends18b20\test_cambiends18b20.axf" - 0 Error(s), 7 Warning(s).

<h2>Software Packages used:</h2>

Package Vendor: ARM
                http://www.keil.com/pack/ARM.CMSIS.5.5.1.pack
                ARM.CMSIS.5.5.1
                CMSIS (Cortex Microcontroller Software Interface Standard)
   * Component: CORE Version: 5.2.0

Package Vendor: Keil
                http://www.keil.com/pack/Keil.STM32F1xx_DFP.2.3.0.pack
                Keil.STM32F1xx_DFP.2.3.0
                STMicroelectronics STM32F1 Series Device Support, Drivers and Examples

<h2>Collection of Component include folders:</h2>
  .\RTE\_test_cambiends18b20
  C:\Users\USER\AppData\Local\Arm\Packs\ARM\CMSIS\5.5.1\CMSIS\Core\Include
  C:\Users\USER\AppData\Local\Arm\Packs\Keil\STM32F1xx_DFP\2.3.0\Device\Include

<h2>Collection of Component Files used:</h2>

   * Component: ARM::CMSIS:CORE:5.2.0
Build Time Elapsed:  00:00:02
</pre>
</body>
</html>
